2026-05-16 08:06:11 INFO Cooling system initialized
2026-05-16 08:07:02 WARNING Sensor calibration drift detected
2026-05-16 08:07:55 ALARM Hydraulic pressure below threshold
2026-05-16 08:08:14 INFO Conveyor belt speed normalized
2026-05-16 08:09:20 ERROR RobotArm-2 communication timeout
2026-05-16 08:10:01 ALARM PLC memory usage critical
2026-05-16 08:10:42 INFO Batch process started
2026-05-16 08:11:33 WARNING High vibration detected on Motor-4
2026-05-16 08:12:05 ALARM Cooling fan failure detected
2026-05-16 08:13:11 INFO SCADA dashboard connected
2026-05-16 08:14:45 ERROR Database write operation failed
2026-05-16 08:15:10 ALARM Smoke sensor triggered
2026-05-16 08:16:27 INFO Backup generator activated
2026-05-16 08:17:55 WARNING Network latency increased
2026-05-16 08:18:21 ALARM Emergency exit opened
2026-05-16 08:19:08 INFO Quality inspection completed
2026-05-16 08:20:17 ERROR CAN bus synchronization lost
2026-05-16 08:21:44 ALARM Overcurrent detected in Line-3
2026-05-16 08:22:30 WARNING Compressor temperature rising
2026-05-16 08:23:11 INFO Shift handover completed
